// Jest Snapshot v1, https://goo.gl/fbAQLP

exports[`Tests on <HeroScreen /> should shown the redirect component if there are no arguments in the Url 1`] = `""`;
